// Jest Snapshot v1, https://goo.gl/fbAQLP

exports[`search input component renders 1`] = `
<div
  class="MuiFormControl-root MuiTextField-root dbawFk"
  data-testid="search-component"
>
  <div
    class="MuiInputBase-root MuiOutlinedInput-root MuiInputBase-formControl MuiInputBase-adornedStart MuiOutlinedInput-adornedStart"
  >
    <div
      class="MuiInputAdornment-root MuiInputAdornment-positionStart"
    >
      <svg
        aria-hidden="true"
        class="MuiSvgIcon-root"
        focusable="false"
        viewBox="0 0 24 24"
      >
        <path
          d="M15.5 14h-.79l-.28-.27c1.2-1.4 1.82-3.31 1.48-5.34-.47-2.78-2.79-5-5.59-5.34-4.23-.52-7.79 3.04-7.27 7.27.34 2.8 2.56 5.12 5.34 5.59 2.03.34 3.94-.28 5.34-1.48l.27.28v.79l4.25 4.25c.41.41 1.08.41 1.49 0 .41-.41.41-1.08 0-1.49L15.5 14zm-6 0C7.01 14 5 11.99 5 9.5S7.01 5 9.5 5 14 7.01 14 9.5 11.99 14 9.5 14z"
        />
      </svg>
    </div>
    <input
      aria-invalid="false"
      class="MuiInputBase-input MuiOutlinedInput-input MuiInputBase-inputAdornedStart MuiOutlinedInput-inputAdornedStart"
      placeholder="Search for your favourite song, artist or album"
      type="text"
      value=""
    />
    <fieldset
      aria-hidden="true"
      class="PrivateNotchedOutline-root-1 MuiOutlinedInput-notchedOutline"
      style="padding-left: 8px;"
    >
      <legend
        class="PrivateNotchedOutline-legend-2"
        style="width: 0.01px;"
      >
        <span>
          â€‹
        </span>
      </legend>
    </fieldset>
  </div>
</div>
`;
